// Jest Snapshot v1, https://goo.gl/fbAQLP

exports[`Top part of the task form component should render component 1`] = `
Object {
  "asFragment": [Function],
  "baseElement": <body>
    <div>
      <div
        class="MuiGrid-root MuiGrid-container"
      >
        <div
          class="MuiGrid-root MuiGrid-item MuiGrid-grid-xs-12 MuiGrid-grid-md-8"
        >
          <h6
            class="MuiTypography-root MuiTypography-h6"
            style="color: rgb(87, 87, 87);"
          >
            <span />
          </h6>
        </div>
        <div
          class="MuiGrid-root MuiGrid-item MuiGrid-grid-xs-1 MuiGrid-grid-md-1"
          style="text-align: right;"
        >
          <button
            class="MuiButtonBase-root MuiIconButton-root MuiIconButton-colorPrimary MuiIconButton-edgeEnd"
            data-testid="task-info-menu"
            style="background-color: transparent;"
            tabindex="0"
            type="button"
          >
            <span
              class="MuiIconButton-label"
            >
              <svg
                aria-hidden="true"
                class="MuiSvgIcon-root MuiSvgIcon-fontSizeMedium css-i4bv87-MuiSvgIcon-root"
                data-testid="CheckCircleOutlineIcon"
                focusable="false"
                viewBox="0 0 24 24"
              >
                <path
                  d="M16.59 7.58 10 14.17l-3.59-3.58L5 12l5 5 8-8zM12 2C6.48 2 2 6.48 2 12s4.48 10 10 10 10-4.48 10-10S17.52 2 12 2zm0 18c-4.42 0-8-3.58-8-8s3.58-8 8-8 8 3.58 8 8-3.58 8-8 8z"
                />
              </svg>
            </span>
            <span
              class="MuiTouchRipple-root"
            />
          </button>
        </div>
        <div
          class="MuiGrid-root MuiGrid-item MuiGrid-grid-xs-1 MuiGrid-grid-md-1"
          style="text-align: right;"
        >
          <button
            class="MuiButtonBase-root MuiIconButton-root MuiIconButton-colorPrimary MuiIconButton-edgeEnd"
            data-testid="task-info-menu"
            tabindex="0"
            type="button"
          >
            <span
              class="MuiIconButton-label"
            >
              <svg
                aria-hidden="true"
                class="MuiSvgIcon-root MuiSvgIcon-fontSizeMedium css-i4bv87-MuiSvgIcon-root"
                data-testid="AccessAlarmIcon"
                focusable="false"
                viewBox="0 0 24 24"
              >
                <path
                  d="m22 5.72-4.6-3.86-1.29 1.53 4.6 3.86L22 5.72zM7.88 3.39 6.6 1.86 2 5.71l1.29 1.53 4.59-3.85zM12.5 8H11v6l4.75 2.85.75-1.23-4-2.37V8zM12 4c-4.97 0-9 4.03-9 9s4.02 9 9 9c4.97 0 9-4.03 9-9s-4.03-9-9-9zm0 16c-3.87 0-7-3.13-7-7s3.13-7 7-7 7 3.13 7 7-3.13 7-7 7z"
                />
              </svg>
            </span>
            <span
              class="MuiTouchRipple-root"
            />
          </button>
        </div>
        <div
          class="MuiGrid-root MuiGrid-item MuiGrid-grid-xs-1 MuiGrid-grid-md-1"
          style="text-align: right;"
        >
          <button
            class="MuiButtonBase-root MuiIconButton-root MuiIconButton-colorPrimary MuiIconButton-edgeEnd"
            data-testid="task-info-menu"
            tabindex="0"
            type="button"
          >
            <span
              class="MuiIconButton-label"
            >
              <svg
                aria-hidden="true"
                class="MuiSvgIcon-root MuiSvgIcon-fontSizeMedium css-i4bv87-MuiSvgIcon-root"
                data-testid="KeyboardTabIcon"
                focusable="false"
                viewBox="0 0 24 24"
              >
                <path
                  d="M11.59 7.41 15.17 11H1v2h14.17l-3.59 3.59L13 18l6-6-6-6-1.41 1.41zM20 6v12h2V6h-2z"
                />
              </svg>
            </span>
            <span
              class="MuiTouchRipple-root"
            />
          </button>
        </div>
      </div>
      <div
        class="MuiGrid-root MuiGrid-item MuiGrid-grid-md-12"
      >
        <div
          class="MuiGrid-root makeStyles-dueDateSection-92 MuiGrid-container"
        >
          <div
            class="MuiGrid-root MuiGrid-item MuiGrid-grid-xs-5 MuiGrid-grid-md-3"
          >
            <span
              class="MuiTypography-root MuiTypography-caption MuiTypography-colorTextSecondary"
            >
              task.due_date_text
            </span>
          </div>
          <div
            class="MuiGrid-root makeStyles-dueDateDisabled-96 MuiGrid-item MuiGrid-grid-xs-7 MuiGrid-grid-md-4"
          >
            <div
              class="MuiFormControl-root MuiTextField-root"
              data-testid="date-picker"
              style="width: 100%;"
            >
              <div
                class="MuiInputBase-root MuiInput-root MuiInputBase-formControl MuiInput-formControl MuiInputBase-adornedEnd"
                style="color: red;"
              >
                <input
                  aria-invalid="false"
                  class="MuiInputBase-input MuiInput-input MuiInputBase-inputAdornedEnd"
                  id="date-picker-dialog-undefined"
                  placeholder="YYYY-MM-DD"
                  type="text"
                  value="2022-01-21"
                />
                <div
                  class="MuiInputAdornment-root MuiInputAdornment-positionEnd"
                >
                  <button
                    aria-label="change date"
                    class="MuiButtonBase-root MuiIconButton-root"
                    tabindex="0"
                    type="button"
                  >
                    <span
                      class="MuiIconButton-label"
                    >
                      <svg
                        aria-hidden="true"
                        class="MuiSvgIcon-root"
                        focusable="false"
                        viewBox="0 0 24 24"
                      >
                        <path
                          d="M17 12h-5v5h5v-5zM16 1v2H8V1H6v2H5c-1.11 0-1.99.9-1.99 2L3 19c0 1.1.89 2 2 2h14c1.1 0 2-.9 2-2V5c0-1.1-.9-2-2-2h-1V1h-2zm3 18H5V8h14v11z"
                        />
                        <path
                          d="M0 0h24v24H0z"
                          fill="none"
                        />
                      </svg>
                    </span>
                    <span
                      class="MuiTouchRipple-root"
                    />
                  </button>
                </div>
              </div>
            </div>
          </div>
        </div>
        <div
          class="MuiGrid-root makeStyles-reminderSection-91 MuiGrid-container"
        >
          <div
            class="MuiGrid-root MuiGrid-item MuiGrid-grid-xs-5 MuiGrid-grid-md-3"
          >
            <span
              class="MuiTypography-root MuiTypography-caption MuiTypography-colorTextSecondary"
              data-testid="active-reminder"
            >
              task.active_reminder
            </span>
          </div>
          <div
            class="MuiGrid-root MuiGrid-item MuiGrid-grid-xs-7 MuiGrid-grid-md-6"
            style="display: flex; justify-content: space-between;"
          >
            <h6
              class="MuiTypography-root MuiTypography-subtitle1"
            >
              task.none
            </h6>
          </div>
        </div>
        <div
          class="MuiGrid-root makeStyles-createdAtSection-90 MuiGrid-container"
        >
          <div
            class="MuiGrid-root MuiGrid-item MuiGrid-grid-xs-5 MuiGrid-grid-md-3"
          >
            <span
              class="MuiTypography-root MuiTypography-caption MuiTypography-colorTextSecondary"
              data-testid="date_created_title"
            >
              task.date_created
            </span>
          </div>
          <div
            class="MuiGrid-root MuiGrid-item MuiGrid-grid-xs-7 MuiGrid-grid-md-6"
          >
            <h6
              class="MuiTypography-root MuiTypography-subtitle1"
              data-testid="date_created"
            >
              2022-01-21
            </h6>
          </div>
        </div>
        <div
          class="MuiGrid-root makeStyles-assigneesSection-88 MuiGrid-container"
        >
          <div
            class="MuiGrid-root MuiGrid-item MuiGrid-grid-xs-4 MuiGrid-grid-md-2"
            style="margin-right: 41px;"
          >
            <span
              class="MuiTypography-root MuiTypography-caption MuiTypography-colorTextSecondary"
            >
              task.assigned_to_txt
            </span>
          </div>
          <div
            class="MuiGrid-root MuiGrid-item MuiGrid-grid-xs-8 MuiGrid-grid-md-9"
          >
            <div
              class="MuiGrid-root MuiGrid-container MuiGrid-spacing-xs-1"
              data-testid="user-chip"
              style="align-items: center;"
            >
              <div
                class="MuiGrid-root MuiGrid-item"
              >
                <div
                  class="MuiButtonBase-root MuiChip-root MuiChip-outlined MuiChip-clickable MuiChip-deletable"
                  data-testid="user_chip"
                  role="button"
                  style="margin: 5px;"
                  tabindex="0"
                >
                  <div
                    class="MuiAvatar-root MuiAvatar-circle MuiChip-avatar MuiAvatar-colorDefault"
                  >
                    <svg
                      aria-hidden="true"
                      class="MuiSvgIcon-root MuiAvatar-fallback"
                      focusable="false"
                      viewBox="0 0 24 24"
                    >
                      <path
                        d="M12 12c2.21 0 4-1.79 4-4s-1.79-4-4-4-4 1.79-4 4 1.79 4 4 4zm0 2c-2.67 0-8 1.34-8 4v2h16v-2c0-2.66-5.33-4-8-4z"
                      />
                    </svg>
                  </div>
                  <span
                    class="MuiChip-label"
                  >
                    tolulope O.
                  </span>
                  <svg
                    aria-hidden="true"
                    class="MuiSvgIcon-root MuiChip-deleteIcon"
                    focusable="false"
                    viewBox="0 0 24 24"
                  >
                    <path
                      d="M12 2C6.47 2 2 6.47 2 12s4.47 10 10 10 10-4.47 10-10S17.53 2 12 2zm5 13.59L15.59 17 12 13.41 8.41 17 7 15.59 10.59 12 7 8.41 8.41 7 12 10.59 15.59 7 17 8.41 13.41 12 17 15.59z"
                    />
                  </svg>
                  <span
                    class="MuiTouchRipple-root"
                  />
                </div>
                <div
                  class="MuiButtonBase-root MuiChip-root MuiChip-outlined MuiChip-clickable MuiChip-deletable"
                  data-testid="user_chip"
                  role="button"
                  style="margin: 5px;"
                  tabindex="0"
                >
                  <div
                    class="MuiAvatar-root MuiAvatar-circle MuiChip-avatar MuiAvatar-colorDefault"
                  >
                    <svg
                      aria-hidden="true"
                      class="MuiSvgIcon-root MuiAvatar-fallback"
                      focusable="false"
                      viewBox="0 0 24 24"
                    >
                      <path
                        d="M12 12c2.21 0 4-1.79 4-4s-1.79-4-4-4-4 1.79-4 4 1.79 4 4 4zm0 2c-2.67 0-8 1.34-8 4v2h16v-2c0-2.66-5.33-4-8-4z"
                      />
                    </svg>
                  </div>
                  <span
                    class="MuiChip-label"
                  >
                    another_user
                  </span>
                  <svg
                    aria-hidden="true"
                    class="MuiSvgIcon-root MuiChip-deleteIcon"
                    focusable="false"
                    viewBox="0 0 24 24"
                  >
                    <path
                      d="M12 2C6.47 2 2 6.47 2 12s4.47 10 10 10 10-4.47 10-10S17.53 2 12 2zm5 13.59L15.59 17 12 13.41 8.41 17 7 15.59 10.59 12 7 8.41 8.41 7 12 10.59 15.59 7 17 8.41 13.41 12 17 15.59z"
                    />
                  </svg>
                  <span
                    class="MuiTouchRipple-root"
                  />
                </div>
              </div>
              <div
                class="MuiGrid-root MuiGrid-item MuiGrid-grid-xs-12 MuiGrid-grid-sm-6"
                data-testid="add-assignee"
              >
                <div
                  class="MuiButtonBase-root MuiChip-root MuiChip-colorPrimary MuiChip-clickableColorPrimary MuiChip-outlined MuiChip-outlinedPrimary MuiChip-clickable"
                  role="button"
                  tabindex="0"
                >
                  <svg
                    aria-hidden="true"
                    class="MuiSvgIcon-root MuiChip-icon MuiChip-iconColorPrimary"
                    focusable="false"
                    viewBox="0 0 24 24"
                  >
                    <path
                      d="M12 2C6.48 2 2 6.48 2 12s4.48 10 10 10 10-4.48 10-10S17.52 2 12 2zm5 11h-4v4h-2v-4H7v-2h4V7h2v4h4v2z"
                    />
                  </svg>
                  <span
                    class="MuiChip-label"
                  >
                    task.chip_add_assignee
                  </span>
                  <span
                    class="MuiTouchRipple-root"
                  />
                </div>
              </div>
            </div>
          </div>
        </div>
      </div>
      <div
        class="MuiGrid-root makeStyles-descriptionSection-94 MuiGrid-container"
      >
        <div
          class="MuiGrid-root MuiGrid-item MuiGrid-grid-xs-12 MuiGrid-grid-md-12"
        >
          <span
            class="MuiTypography-root MuiTypography-caption MuiTypography-colorTextSecondary"
          >
            common:form_fields.description
          </span>
        </div>
        <div
          class="MuiGrid-root MuiGrid-item MuiGrid-grid-xs-12 MuiGrid-grid-md-12"
        >
          <div
            class="MuiGrid-root MuiGrid-container"
            data-testid="live_editable_field"
          >
            <div
              class="MuiGrid-root MuiGrid-item MuiGrid-grid-xs-12"
            >
              <div
                class="MuiFormControl-root MuiTextField-root makeStyles-liveTextField-97 MuiFormControl-fullWidth"
              >
                <div
                  class="MuiInputBase-root MuiOutlinedInput-root Mui-disabled Mui-disabled MuiInputBase-fullWidth MuiInputBase-formControl MuiInputBase-multiline MuiOutlinedInput-multiline"
                >
                  <textarea
                    aria-invalid="false"
                    class="MuiInputBase-input MuiOutlinedInput-input Mui-disabled Mui-disabled MuiInputBase-inputMultiline MuiOutlinedInput-inputMultiline"
                    data-testid="live-text-field"
                    disabled=""
                    id="live-text-field"
                    name="live-text-field"
                    rows="1"
                    style="height: 0px; overflow: hidden;"
                  />
                  <textarea
                    aria-hidden="true"
                    class="MuiInputBase-input MuiOutlinedInput-input Mui-disabled Mui-disabled MuiInputBase-inputMultiline MuiOutlinedInput-inputMultiline"
                    readonly=""
                    style="visibility: hidden; position: absolute; overflow: hidden; height: 0px; top: 0px; left: 0px; transform: translateZ(0); width: 100%;"
                    tabindex="-1"
                  />
                  <fieldset
                    aria-hidden="true"
                    class="PrivateNotchedOutline-root-99 MuiOutlinedInput-notchedOutline"
                    style="padding-left: 8px;"
                  >
                    <legend
                      class="PrivateNotchedOutline-legend-100"
                      style="width: 0.01px;"
                    >
                      <span>
                        ​
                      </span>
                    </legend>
                  </fieldset>
                </div>
              </div>
            </div>
          </div>
        </div>
      </div>
    </div>
    <div
      aria-hidden="true"
      class="MuiPopover-root"
      data-testid="menu_list"
      id="long-menu"
      role="presentation"
      style="position: fixed; z-index: 1300; right: 0px; bottom: 0px; top: 0px; left: 0px; visibility: hidden;"
    >
      <div
        data-test="sentinelStart"
        tabindex="0"
      />
      <div
        class="MuiPaper-root MuiMenu-paper MuiPopover-paper MuiPaper-elevation8 MuiPaper-rounded"
        style="opacity: 0; transform: scale(0.75, 0.5625); visibility: hidden; width: 200px;"
        tabindex="-1"
      >
        <ul
          class="MuiList-root MuiMenu-list MuiList-padding"
          role="menu"
          tabindex="-1"
        >
          <li
            aria-disabled="false"
            class="MuiButtonBase-root MuiListItem-root MuiMenuItem-root MuiMenuItem-gutters MuiListItem-gutters MuiListItem-button"
            data-testid="menu_item"
            id="0"
            role="menuitem"
            tabindex="0"
          >
            task.task_reminder_in_1_hr
            <span
              class="MuiTouchRipple-root"
            />
          </li>
        </ul>
      </div>
      <div
        data-test="sentinelEnd"
        tabindex="0"
      />
    </div>
  </body>,
  "container": <div>
    <div
      class="MuiGrid-root MuiGrid-container"
    >
      <div
        class="MuiGrid-root MuiGrid-item MuiGrid-grid-xs-12 MuiGrid-grid-md-8"
      >
        <h6
          class="MuiTypography-root MuiTypography-h6"
          style="color: rgb(87, 87, 87);"
        >
          <span />
        </h6>
      </div>
      <div
        class="MuiGrid-root MuiGrid-item MuiGrid-grid-xs-1 MuiGrid-grid-md-1"
        style="text-align: right;"
      >
        <button
          class="MuiButtonBase-root MuiIconButton-root MuiIconButton-colorPrimary MuiIconButton-edgeEnd"
          data-testid="task-info-menu"
          style="background-color: transparent;"
          tabindex="0"
          type="button"
        >
          <span
            class="MuiIconButton-label"
          >
            <svg
              aria-hidden="true"
              class="MuiSvgIcon-root MuiSvgIcon-fontSizeMedium css-i4bv87-MuiSvgIcon-root"
              data-testid="CheckCircleOutlineIcon"
              focusable="false"
              viewBox="0 0 24 24"
            >
              <path
                d="M16.59 7.58 10 14.17l-3.59-3.58L5 12l5 5 8-8zM12 2C6.48 2 2 6.48 2 12s4.48 10 10 10 10-4.48 10-10S17.52 2 12 2zm0 18c-4.42 0-8-3.58-8-8s3.58-8 8-8 8 3.58 8 8-3.58 8-8 8z"
              />
            </svg>
          </span>
          <span
            class="MuiTouchRipple-root"
          />
        </button>
      </div>
      <div
        class="MuiGrid-root MuiGrid-item MuiGrid-grid-xs-1 MuiGrid-grid-md-1"
        style="text-align: right;"
      >
        <button
          class="MuiButtonBase-root MuiIconButton-root MuiIconButton-colorPrimary MuiIconButton-edgeEnd"
          data-testid="task-info-menu"
          tabindex="0"
          type="button"
        >
          <span
            class="MuiIconButton-label"
          >
            <svg
              aria-hidden="true"
              class="MuiSvgIcon-root MuiSvgIcon-fontSizeMedium css-i4bv87-MuiSvgIcon-root"
              data-testid="AccessAlarmIcon"
              focusable="false"
              viewBox="0 0 24 24"
            >
              <path
                d="m22 5.72-4.6-3.86-1.29 1.53 4.6 3.86L22 5.72zM7.88 3.39 6.6 1.86 2 5.71l1.29 1.53 4.59-3.85zM12.5 8H11v6l4.75 2.85.75-1.23-4-2.37V8zM12 4c-4.97 0-9 4.03-9 9s4.02 9 9 9c4.97 0 9-4.03 9-9s-4.03-9-9-9zm0 16c-3.87 0-7-3.13-7-7s3.13-7 7-7 7 3.13 7 7-3.13 7-7 7z"
              />
            </svg>
          </span>
          <span
            class="MuiTouchRipple-root"
          />
        </button>
      </div>
      <div
        class="MuiGrid-root MuiGrid-item MuiGrid-grid-xs-1 MuiGrid-grid-md-1"
        style="text-align: right;"
      >
        <button
          class="MuiButtonBase-root MuiIconButton-root MuiIconButton-colorPrimary MuiIconButton-edgeEnd"
          data-testid="task-info-menu"
          tabindex="0"
          type="button"
        >
          <span
            class="MuiIconButton-label"
          >
            <svg
              aria-hidden="true"
              class="MuiSvgIcon-root MuiSvgIcon-fontSizeMedium css-i4bv87-MuiSvgIcon-root"
              data-testid="KeyboardTabIcon"
              focusable="false"
              viewBox="0 0 24 24"
            >
              <path
                d="M11.59 7.41 15.17 11H1v2h14.17l-3.59 3.59L13 18l6-6-6-6-1.41 1.41zM20 6v12h2V6h-2z"
              />
            </svg>
          </span>
          <span
            class="MuiTouchRipple-root"
          />
        </button>
      </div>
    </div>
    <div
      class="MuiGrid-root MuiGrid-item MuiGrid-grid-md-12"
    >
      <div
        class="MuiGrid-root makeStyles-dueDateSection-92 MuiGrid-container"
      >
        <div
          class="MuiGrid-root MuiGrid-item MuiGrid-grid-xs-5 MuiGrid-grid-md-3"
        >
          <span
            class="MuiTypography-root MuiTypography-caption MuiTypography-colorTextSecondary"
          >
            task.due_date_text
          </span>
        </div>
        <div
          class="MuiGrid-root makeStyles-dueDateDisabled-96 MuiGrid-item MuiGrid-grid-xs-7 MuiGrid-grid-md-4"
        >
          <div
            class="MuiFormControl-root MuiTextField-root"
            data-testid="date-picker"
            style="width: 100%;"
          >
            <div
              class="MuiInputBase-root MuiInput-root MuiInputBase-formControl MuiInput-formControl MuiInputBase-adornedEnd"
              style="color: red;"
            >
              <input
                aria-invalid="false"
                class="MuiInputBase-input MuiInput-input MuiInputBase-inputAdornedEnd"
                id="date-picker-dialog-undefined"
                placeholder="YYYY-MM-DD"
                type="text"
                value="2022-01-21"
              />
              <div
                class="MuiInputAdornment-root MuiInputAdornment-positionEnd"
              >
                <button
                  aria-label="change date"
                  class="MuiButtonBase-root MuiIconButton-root"
                  tabindex="0"
                  type="button"
                >
                  <span
                    class="MuiIconButton-label"
                  >
                    <svg
                      aria-hidden="true"
                      class="MuiSvgIcon-root"
                      focusable="false"
                      viewBox="0 0 24 24"
                    >
                      <path
                        d="M17 12h-5v5h5v-5zM16 1v2H8V1H6v2H5c-1.11 0-1.99.9-1.99 2L3 19c0 1.1.89 2 2 2h14c1.1 0 2-.9 2-2V5c0-1.1-.9-2-2-2h-1V1h-2zm3 18H5V8h14v11z"
                      />
                      <path
                        d="M0 0h24v24H0z"
                        fill="none"
                      />
                    </svg>
                  </span>
                  <span
                    class="MuiTouchRipple-root"
                  />
                </button>
              </div>
            </div>
          </div>
        </div>
      </div>
      <div
        class="MuiGrid-root makeStyles-reminderSection-91 MuiGrid-container"
      >
        <div
          class="MuiGrid-root MuiGrid-item MuiGrid-grid-xs-5 MuiGrid-grid-md-3"
        >
          <span
            class="MuiTypography-root MuiTypography-caption MuiTypography-colorTextSecondary"
            data-testid="active-reminder"
          >
            task.active_reminder
          </span>
        </div>
        <div
          class="MuiGrid-root MuiGrid-item MuiGrid-grid-xs-7 MuiGrid-grid-md-6"
          style="display: flex; justify-content: space-between;"
        >
          <h6
            class="MuiTypography-root MuiTypography-subtitle1"
          >
            task.none
          </h6>
        </div>
      </div>
      <div
        class="MuiGrid-root makeStyles-createdAtSection-90 MuiGrid-container"
      >
        <div
          class="MuiGrid-root MuiGrid-item MuiGrid-grid-xs-5 MuiGrid-grid-md-3"
        >
          <span
            class="MuiTypography-root MuiTypography-caption MuiTypography-colorTextSecondary"
            data-testid="date_created_title"
          >
            task.date_created
          </span>
        </div>
        <div
          class="MuiGrid-root MuiGrid-item MuiGrid-grid-xs-7 MuiGrid-grid-md-6"
        >
          <h6
            class="MuiTypography-root MuiTypography-subtitle1"
            data-testid="date_created"
          >
            2022-01-21
          </h6>
        </div>
      </div>
      <div
        class="MuiGrid-root makeStyles-assigneesSection-88 MuiGrid-container"
      >
        <div
          class="MuiGrid-root MuiGrid-item MuiGrid-grid-xs-4 MuiGrid-grid-md-2"
          style="margin-right: 41px;"
        >
          <span
            class="MuiTypography-root MuiTypography-caption MuiTypography-colorTextSecondary"
          >
            task.assigned_to_txt
          </span>
        </div>
        <div
          class="MuiGrid-root MuiGrid-item MuiGrid-grid-xs-8 MuiGrid-grid-md-9"
        >
          <div
            class="MuiGrid-root MuiGrid-container MuiGrid-spacing-xs-1"
            data-testid="user-chip"
            style="align-items: center;"
          >
            <div
              class="MuiGrid-root MuiGrid-item"
            >
              <div
                class="MuiButtonBase-root MuiChip-root MuiChip-outlined MuiChip-clickable MuiChip-deletable"
                data-testid="user_chip"
                role="button"
                style="margin: 5px;"
                tabindex="0"
              >
                <div
                  class="MuiAvatar-root MuiAvatar-circle MuiChip-avatar MuiAvatar-colorDefault"
                >
                  <svg
                    aria-hidden="true"
                    class="MuiSvgIcon-root MuiAvatar-fallback"
                    focusable="false"
                    viewBox="0 0 24 24"
                  >
                    <path
                      d="M12 12c2.21 0 4-1.79 4-4s-1.79-4-4-4-4 1.79-4 4 1.79 4 4 4zm0 2c-2.67 0-8 1.34-8 4v2h16v-2c0-2.66-5.33-4-8-4z"
                    />
                  </svg>
                </div>
                <span
                  class="MuiChip-label"
                >
                  tolulope O.
                </span>
                <svg
                  aria-hidden="true"
                  class="MuiSvgIcon-root MuiChip-deleteIcon"
                  focusable="false"
                  viewBox="0 0 24 24"
                >
                  <path
                    d="M12 2C6.47 2 2 6.47 2 12s4.47 10 10 10 10-4.47 10-10S17.53 2 12 2zm5 13.59L15.59 17 12 13.41 8.41 17 7 15.59 10.59 12 7 8.41 8.41 7 12 10.59 15.59 7 17 8.41 13.41 12 17 15.59z"
                  />
                </svg>
                <span
                  class="MuiTouchRipple-root"
                />
              </div>
              <div
                class="MuiButtonBase-root MuiChip-root MuiChip-outlined MuiChip-clickable MuiChip-deletable"
                data-testid="user_chip"
                role="button"
                style="margin: 5px;"
                tabindex="0"
              >
                <div
                  class="MuiAvatar-root MuiAvatar-circle MuiChip-avatar MuiAvatar-colorDefault"
                >
                  <svg
                    aria-hidden="true"
                    class="MuiSvgIcon-root MuiAvatar-fallback"
                    focusable="false"
                    viewBox="0 0 24 24"
                  >
                    <path
                      d="M12 12c2.21 0 4-1.79 4-4s-1.79-4-4-4-4 1.79-4 4 1.79 4 4 4zm0 2c-2.67 0-8 1.34-8 4v2h16v-2c0-2.66-5.33-4-8-4z"
                    />
                  </svg>
                </div>
                <span
                  class="MuiChip-label"
                >
                  another_user
                </span>
                <svg
                  aria-hidden="true"
                  class="MuiSvgIcon-root MuiChip-deleteIcon"
                  focusable="false"
                  viewBox="0 0 24 24"
                >
                  <path
                    d="M12 2C6.47 2 2 6.47 2 12s4.47 10 10 10 10-4.47 10-10S17.53 2 12 2zm5 13.59L15.59 17 12 13.41 8.41 17 7 15.59 10.59 12 7 8.41 8.41 7 12 10.59 15.59 7 17 8.41 13.41 12 17 15.59z"
                  />
                </svg>
                <span
                  class="MuiTouchRipple-root"
                />
              </div>
            </div>
            <div
              class="MuiGrid-root MuiGrid-item MuiGrid-grid-xs-12 MuiGrid-grid-sm-6"
              data-testid="add-assignee"
            >
              <div
                class="MuiButtonBase-root MuiChip-root MuiChip-colorPrimary MuiChip-clickableColorPrimary MuiChip-outlined MuiChip-outlinedPrimary MuiChip-clickable"
                role="button"
                tabindex="0"
              >
                <svg
                  aria-hidden="true"
                  class="MuiSvgIcon-root MuiChip-icon MuiChip-iconColorPrimary"
                  focusable="false"
                  viewBox="0 0 24 24"
                >
                  <path
                    d="M12 2C6.48 2 2 6.48 2 12s4.48 10 10 10 10-4.48 10-10S17.52 2 12 2zm5 11h-4v4h-2v-4H7v-2h4V7h2v4h4v2z"
                  />
                </svg>
                <span
                  class="MuiChip-label"
                >
                  task.chip_add_assignee
                </span>
                <span
                  class="MuiTouchRipple-root"
                />
              </div>
            </div>
          </div>
        </div>
      </div>
    </div>
    <div
      class="MuiGrid-root makeStyles-descriptionSection-94 MuiGrid-container"
    >
      <div
        class="MuiGrid-root MuiGrid-item MuiGrid-grid-xs-12 MuiGrid-grid-md-12"
      >
        <span
          class="MuiTypography-root MuiTypography-caption MuiTypography-colorTextSecondary"
        >
          common:form_fields.description
        </span>
      </div>
      <div
        class="MuiGrid-root MuiGrid-item MuiGrid-grid-xs-12 MuiGrid-grid-md-12"
      >
        <div
          class="MuiGrid-root MuiGrid-container"
          data-testid="live_editable_field"
        >
          <div
            class="MuiGrid-root MuiGrid-item MuiGrid-grid-xs-12"
          >
            <div
              class="MuiFormControl-root MuiTextField-root makeStyles-liveTextField-97 MuiFormControl-fullWidth"
            >
              <div
                class="MuiInputBase-root MuiOutlinedInput-root Mui-disabled Mui-disabled MuiInputBase-fullWidth MuiInputBase-formControl MuiInputBase-multiline MuiOutlinedInput-multiline"
              >
                <textarea
                  aria-invalid="false"
                  class="MuiInputBase-input MuiOutlinedInput-input Mui-disabled Mui-disabled MuiInputBase-inputMultiline MuiOutlinedInput-inputMultiline"
                  data-testid="live-text-field"
                  disabled=""
                  id="live-text-field"
                  name="live-text-field"
                  rows="1"
                  style="height: 0px; overflow: hidden;"
                />
                <textarea
                  aria-hidden="true"
                  class="MuiInputBase-input MuiOutlinedInput-input Mui-disabled Mui-disabled MuiInputBase-inputMultiline MuiOutlinedInput-inputMultiline"
                  readonly=""
                  style="visibility: hidden; position: absolute; overflow: hidden; height: 0px; top: 0px; left: 0px; transform: translateZ(0); width: 100%;"
                  tabindex="-1"
                />
                <fieldset
                  aria-hidden="true"
                  class="PrivateNotchedOutline-root-99 MuiOutlinedInput-notchedOutline"
                  style="padding-left: 8px;"
                >
                  <legend
                    class="PrivateNotchedOutline-legend-100"
                    style="width: 0.01px;"
                  >
                    <span>
                      ​
                    </span>
                  </legend>
                </fieldset>
              </div>
            </div>
          </div>
        </div>
      </div>
    </div>
  </div>,
  "debug": [Function],
  "findAllByAltText": [Function],
  "findAllByDisplayValue": [Function],
  "findAllByLabelText": [Function],
  "findAllByPlaceholderText": [Function],
  "findAllByRole": [Function],
  "findAllByTestId": [Function],
  "findAllByText": [Function],
  "findAllByTitle": [Function],
  "findByAltText": [Function],
  "findByDisplayValue": [Function],
  "findByLabelText": [Function],
  "findByPlaceholderText": [Function],
  "findByRole": [Function],
  "findByTestId": [Function],
  "findByText": [Function],
  "findByTitle": [Function],
  "getAllByAltText": [Function],
  "getAllByDisplayValue": [Function],
  "getAllByLabelText": [Function],
  "getAllByPlaceholderText": [Function],
  "getAllByRole": [Function],
  "getAllByTestId": [Function],
  "getAllByText": [Function],
  "getAllByTitle": [Function],
  "getByAltText": [Function],
  "getByDisplayValue": [Function],
  "getByLabelText": [Function],
  "getByPlaceholderText": [Function],
  "getByRole": [Function],
  "getByTestId": [Function],
  "getByText": [Function],
  "getByTitle": [Function],
  "queryAllByAltText": [Function],
  "queryAllByDisplayValue": [Function],
  "queryAllByLabelText": [Function],
  "queryAllByPlaceholderText": [Function],
  "queryAllByRole": [Function],
  "queryAllByTestId": [Function],
  "queryAllByText": [Function],
  "queryAllByTitle": [Function],
  "queryByAltText": [Function],
  "queryByDisplayValue": [Function],
  "queryByLabelText": [Function],
  "queryByPlaceholderText": [Function],
  "queryByRole": [Function],
  "queryByTestId": [Function],
  "queryByText": [Function],
  "queryByTitle": [Function],
  "rerender": [Function],
  "unmount": [Function],
}
`;
